  Determining projects to restore...
  All projects are up-to-date for restore.
F:\projects\QUIZ\ntcc_admin_blazor\Application\Services\StageAppService.cs(73,37): error CS0311: The type 'ntcc_admin_blazor.Domain.Entities.SystemSettingEntity' cannot be used as type parameter 'T' in the generic type or method 'SupabaseService.Update<T>(T)'. There is no implicit reference conversion from 'ntcc_admin_blazor.Domain.Entities.SystemSettingEntity' to 'Postgrest.Models.BaseModel'. [F:\projects\QUIZ\ntcc_admin_blazor\ntcc_admin_blazor.csproj]
F:\projects\QUIZ\ntcc_admin_blazor\Services\SupabaseService.cs(210,30): warning CS8600: Converting null literal or possible null value to non-nullable type. [F:\projects\QUIZ\ntcc_admin_blazor\ntcc_admin_blazor.csproj]
F:\projects\QUIZ\ntcc_admin_blazor\Components\Pages\FacultyDashboard.razor(147,10): warning CS0414: The field 'FacultyDashboard.isLoading' is assigned but its value is never used [F:\projects\QUIZ\ntcc_admin_blazor\ntcc_admin_blazor.csproj]
F:\projects\QUIZ\ntcc_admin_blazor\Components\Pages\FacultyDashboard.razor(1,1): warning MUD0002: Illegal Attribute 'Alpha' on 'MudIcon' using pattern 'LowerCase' source location '(599,28)-(599,80)' (https://mudblazor.com/features/analyzers) [F:\projects\QUIZ\ntcc_admin_blazor\ntcc_admin_blazor.csproj]
F:\projects\QUIZ\ntcc_admin_blazor\Components\Pages\FacultyDashboard.razor(1,1): warning MUD0002: Illegal Attribute 'Alpha' on 'MudIcon' using pattern 'LowerCase' source location '(808,28)-(808,80)' (https://mudblazor.com/features/analyzers) [F:\projects\QUIZ\ntcc_admin_blazor\ntcc_admin_blazor.csproj]
F:\projects\QUIZ\ntcc_admin_blazor\Components\Pages\FacultyDashboard.razor(1,1): warning MUD0002: Illegal Attribute 'Alpha' on 'MudIcon' using pattern 'LowerCase' source location '(1017,28)-(1017,81)' (https://mudblazor.com/features/analyzers) [F:\projects\QUIZ\ntcc_admin_blazor\ntcc_admin_blazor.csproj]
F:\projects\QUIZ\ntcc_admin_blazor\Components\Pages\FacultyDashboard.razor(1,1): warning MUD0002: Illegal Attribute 'Alpha' on 'MudIcon' using pattern 'LowerCase' source location '(1226,28)-(1226,81)' (https://mudblazor.com/features/analyzers) [F:\projects\QUIZ\ntcc_admin_blazor\ntcc_admin_blazor.csproj]
F:\projects\QUIZ\ntcc_admin_blazor\Components\Pages\FacultyDashboard.razor(1,1): warning MUD0002: Illegal Attribute 'Dense' on 'MudTimeline' using pattern 'LowerCase' source location '(1935,28)-(1935,82)' (https://mudblazor.com/features/analyzers) [F:\projects\QUIZ\ntcc_admin_blazor\ntcc_admin_blazor.csproj]

Build FAILED.

F:\projects\QUIZ\ntcc_admin_blazor\Services\SupabaseService.cs(210,30): warning CS8600: Converting null literal or possible null value to non-nullable type. [F:\projects\QUIZ\ntcc_admin_blazor\ntcc_admin_blazor.csproj]
F:\projects\QUIZ\ntcc_admin_blazor\Components\Pages\FacultyDashboard.razor(147,10): warning CS0414: The field 'FacultyDashboard.isLoading' is assigned but its value is never used [F:\projects\QUIZ\ntcc_admin_blazor\ntcc_admin_blazor.csproj]
F:\projects\QUIZ\ntcc_admin_blazor\Components\Pages\FacultyDashboard.razor(1,1): warning MUD0002: Illegal Attribute 'Alpha' on 'MudIcon' using pattern 'LowerCase' source location '(599,28)-(599,80)' (https://mudblazor.com/features/analyzers) [F:\projects\QUIZ\ntcc_admin_blazor\ntcc_admin_blazor.csproj]
F:\projects\QUIZ\ntcc_admin_blazor\Components\Pages\FacultyDashboard.razor(1,1): warning MUD0002: Illegal Attribute 'Alpha' on 'MudIcon' using pattern 'LowerCase' source location '(808,28)-(808,80)' (https://mudblazor.com/features/analyzers) [F:\projects\QUIZ\ntcc_admin_blazor\ntcc_admin_blazor.csproj]
F:\projects\QUIZ\ntcc_admin_blazor\Components\Pages\FacultyDashboard.razor(1,1): warning MUD0002: Illegal Attribute 'Alpha' on 'MudIcon' using pattern 'LowerCase' source location '(1017,28)-(1017,81)' (https://mudblazor.com/features/analyzers) [F:\projects\QUIZ\ntcc_admin_blazor\ntcc_admin_blazor.csproj]
F:\projects\QUIZ\ntcc_admin_blazor\Components\Pages\FacultyDashboard.razor(1,1): warning MUD0002: Illegal Attribute 'Alpha' on 'MudIcon' using pattern 'LowerCase' source location '(1226,28)-(1226,81)' (https://mudblazor.com/features/analyzers) [F:\projects\QUIZ\ntcc_admin_blazor\ntcc_admin_blazor.csproj]
F:\projects\QUIZ\ntcc_admin_blazor\Components\Pages\FacultyDashboard.razor(1,1): warning MUD0002: Illegal Attribute 'Dense' on 'MudTimeline' using pattern 'LowerCase' source location '(1935,28)-(1935,82)' (https://mudblazor.com/features/analyzers) [F:\projects\QUIZ\ntcc_admin_blazor\ntcc_admin_blazor.csproj]
F:\projects\QUIZ\ntcc_admin_blazor\Application\Services\StageAppService.cs(73,37): error CS0311: The type 'ntcc_admin_blazor.Domain.Entities.SystemSettingEntity' cannot be used as type parameter 'T' in the generic type or method 'SupabaseService.Update<T>(T)'. There is no implicit reference conversion from 'ntcc_admin_blazor.Domain.Entities.SystemSettingEntity' to 'Postgrest.Models.BaseModel'. [F:\projects\QUIZ\ntcc_admin_blazor\ntcc_admin_blazor.csproj]
    7 Warning(s)
    1 Error(s)

Time Elapsed 00:00:01.70

Workload updates are available. Run `dotnet workload list` for more information.
