  Determining projects to restore...
  All projects are up-to-date for restore.
F:\projects\QUIZ\ntcc_admin_blazor\Components\Shared\StudentTimeline.razor(38,14): error CS0104: 'Color' is an ambiguous reference between 'ApexCharts.Color' and 'MudBlazor.Color' [F:\projects\QUIZ\ntcc_admin_blazor\ntcc_admin_blazor.csproj]
F:\projects\QUIZ\ntcc_admin_blazor\Components\Shared\StudentTimeline.razor(80,32): error CS0104: 'Color' is an ambiguous reference between 'ApexCharts.Color' and 'MudBlazor.Color' [F:\projects\QUIZ\ntcc_admin_blazor\ntcc_admin_blazor.csproj]
F:\projects\QUIZ\ntcc_admin_blazor\Components\Widgets\Evaluation\EvaluationQueueWidget.razor(75,13): error CS0104: 'Color' is an ambiguous reference between 'ApexCharts.Color' and 'MudBlazor.Color' [F:\projects\QUIZ\ntcc_admin_blazor\ntcc_admin_blazor.csproj]
F:\projects\QUIZ\ntcc_admin_blazor\Components\Layout\MainLayout.razor(90,5): error CS0104: 'Color' is an ambiguous reference between 'ApexCharts.Color' and 'MudBlazor.Color' [F:\projects\QUIZ\ntcc_admin_blazor\ntcc_admin_blazor.csproj]
F:\projects\QUIZ\ntcc_admin_blazor\Components\Pages\Batches.razor(63,13): error CS0104: 'DialogOptions' is an ambiguous reference between 'MudBlazor.DialogOptions' and 'Radzen.DialogOptions' [F:\projects\QUIZ\ntcc_admin_blazor\ntcc_admin_blazor.csproj]
F:\projects\QUIZ\ntcc_admin_blazor\Components\Pages\FacultyList.razor(79,13): error CS0104: 'Color' is an ambiguous reference between 'ApexCharts.Color' and 'MudBlazor.Color' [F:\projects\QUIZ\ntcc_admin_blazor\ntcc_admin_blazor.csproj]
F:\projects\QUIZ\ntcc_admin_blazor\Components\Pages\InternshipsPage.razor(131,5): error CS0104: 'Color' is an ambiguous reference between 'ApexCharts.Color' and 'MudBlazor.Color' [F:\projects\QUIZ\ntcc_admin_blazor\ntcc_admin_blazor.csproj]
F:\projects\QUIZ\ntcc_admin_blazor\Components\Pages\FacultyManagementPage.razor(248,5): error CS0104: 'Color' is an ambiguous reference between 'ApexCharts.Color' and 'MudBlazor.Color' [F:\projects\QUIZ\ntcc_admin_blazor\ntcc_admin_blazor.csproj]
F:\projects\QUIZ\ntcc_admin_blazor\Components\Pages\InternshipManagement.razor(199,5): error CS0104: 'Color' is an ambiguous reference between 'ApexCharts.Color' and 'MudBlazor.Color' [F:\projects\QUIZ\ntcc_admin_blazor\ntcc_admin_blazor.csproj]
F:\projects\QUIZ\ntcc_admin_blazor\Components\Pages\ProjectsPage.razor(224,5): error CS0104: 'Color' is an ambiguous reference between 'ApexCharts.Color' and 'MudBlazor.Color' [F:\projects\QUIZ\ntcc_admin_blazor\ntcc_admin_blazor.csproj]
F:\projects\QUIZ\ntcc_admin_blazor\Components\Pages\FacultyManagementPage.razor(167,5): error CS0104: 'DialogOptions' is an ambiguous reference between 'MudBlazor.DialogOptions' and 'Radzen.DialogOptions' [F:\projects\QUIZ\ntcc_admin_blazor\ntcc_admin_blazor.csproj]
F:\projects\QUIZ\ntcc_admin_blazor\Components\Pages\ProjectManagement.razor(205,5): error CS0104: 'Color' is an ambiguous reference between 'ApexCharts.Color' and 'MudBlazor.Color' [F:\projects\QUIZ\ntcc_admin_blazor\ntcc_admin_blazor.csproj]
F:\projects\QUIZ\ntcc_admin_blazor\Components\Pages\ProjectManagement.razor(206,5): error CS0104: 'Color' is an ambiguous reference between 'ApexCharts.Color' and 'MudBlazor.Color' [F:\projects\QUIZ\ntcc_admin_blazor\ntcc_admin_blazor.csproj]
F:\projects\QUIZ\ntcc_admin_blazor\Components\Pages\StudentsPage.razor(240,5): error CS0104: 'Color' is an ambiguous reference between 'ApexCharts.Color' and 'MudBlazor.Color' [F:\projects\QUIZ\ntcc_admin_blazor\ntcc_admin_blazor.csproj]
F:\projects\QUIZ\ntcc_admin_blazor\Components\Pages\StudentsPage.razor(248,5): error CS0104: 'Color' is an ambiguous reference between 'ApexCharts.Color' and 'MudBlazor.Color' [F:\projects\QUIZ\ntcc_admin_blazor\ntcc_admin_blazor.csproj]
F:\projects\QUIZ\ntcc_admin_blazor\Components\Pages\Projects\MinorProjectManager.razor(138,13): error CS0104: 'Color' is an ambiguous reference between 'ApexCharts.Color' and 'MudBlazor.Color' [F:\projects\QUIZ\ntcc_admin_blazor\ntcc_admin_blazor.csproj]
F:\projects\QUIZ\ntcc_admin_blazor\Components\Pages\Students\MissingDocuments.razor(116,13): error CS0104: 'Color' is an ambiguous reference between 'ApexCharts.Color' and 'MudBlazor.Color' [F:\projects\QUIZ\ntcc_admin_blazor\ntcc_admin_blazor.csproj]
F:\projects\QUIZ\ntcc_admin_blazor\Components\Pages\Admin\FacultyAccounts.razor(102,13): error CS0104: 'Color' is an ambiguous reference between 'ApexCharts.Color' and 'MudBlazor.Color' [F:\projects\QUIZ\ntcc_admin_blazor\ntcc_admin_blazor.csproj]
F:\projects\QUIZ\ntcc_admin_blazor\Components\Pages\Projects\Minor\DocumentSegregation.razor(104,13): error CS0104: 'Color' is an ambiguous reference between 'ApexCharts.Color' and 'MudBlazor.Color' [F:\projects\QUIZ\ntcc_admin_blazor\ntcc_admin_blazor.csproj]

Build FAILED.

F:\projects\QUIZ\ntcc_admin_blazor\Components\Shared\StudentTimeline.razor(38,14): error CS0104: 'Color' is an ambiguous reference between 'ApexCharts.Color' and 'MudBlazor.Color' [F:\projects\QUIZ\ntcc_admin_blazor\ntcc_admin_blazor.csproj]
F:\projects\QUIZ\ntcc_admin_blazor\Components\Shared\StudentTimeline.razor(80,32): error CS0104: 'Color' is an ambiguous reference between 'ApexCharts.Color' and 'MudBlazor.Color' [F:\projects\QUIZ\ntcc_admin_blazor\ntcc_admin_blazor.csproj]
F:\projects\QUIZ\ntcc_admin_blazor\Components\Widgets\Evaluation\EvaluationQueueWidget.razor(75,13): error CS0104: 'Color' is an ambiguous reference between 'ApexCharts.Color' and 'MudBlazor.Color' [F:\projects\QUIZ\ntcc_admin_blazor\ntcc_admin_blazor.csproj]
F:\projects\QUIZ\ntcc_admin_blazor\Components\Layout\MainLayout.razor(90,5): error CS0104: 'Color' is an ambiguous reference between 'ApexCharts.Color' and 'MudBlazor.Color' [F:\projects\QUIZ\ntcc_admin_blazor\ntcc_admin_blazor.csproj]
F:\projects\QUIZ\ntcc_admin_blazor\Components\Pages\Batches.razor(63,13): error CS0104: 'DialogOptions' is an ambiguous reference between 'MudBlazor.DialogOptions' and 'Radzen.DialogOptions' [F:\projects\QUIZ\ntcc_admin_blazor\ntcc_admin_blazor.csproj]
F:\projects\QUIZ\ntcc_admin_blazor\Components\Pages\FacultyList.razor(79,13): error CS0104: 'Color' is an ambiguous reference between 'ApexCharts.Color' and 'MudBlazor.Color' [F:\projects\QUIZ\ntcc_admin_blazor\ntcc_admin_blazor.csproj]
F:\projects\QUIZ\ntcc_admin_blazor\Components\Pages\InternshipsPage.razor(131,5): error CS0104: 'Color' is an ambiguous reference between 'ApexCharts.Color' and 'MudBlazor.Color' [F:\projects\QUIZ\ntcc_admin_blazor\ntcc_admin_blazor.csproj]
F:\projects\QUIZ\ntcc_admin_blazor\Components\Pages\FacultyManagementPage.razor(248,5): error CS0104: 'Color' is an ambiguous reference between 'ApexCharts.Color' and 'MudBlazor.Color' [F:\projects\QUIZ\ntcc_admin_blazor\ntcc_admin_blazor.csproj]
F:\projects\QUIZ\ntcc_admin_blazor\Components\Pages\InternshipManagement.razor(199,5): error CS0104: 'Color' is an ambiguous reference between 'ApexCharts.Color' and 'MudBlazor.Color' [F:\projects\QUIZ\ntcc_admin_blazor\ntcc_admin_blazor.csproj]
F:\projects\QUIZ\ntcc_admin_blazor\Components\Pages\ProjectsPage.razor(224,5): error CS0104: 'Color' is an ambiguous reference between 'ApexCharts.Color' and 'MudBlazor.Color' [F:\projects\QUIZ\ntcc_admin_blazor\ntcc_admin_blazor.csproj]
F:\projects\QUIZ\ntcc_admin_blazor\Components\Pages\FacultyManagementPage.razor(167,5): error CS0104: 'DialogOptions' is an ambiguous reference between 'MudBlazor.DialogOptions' and 'Radzen.DialogOptions' [F:\projects\QUIZ\ntcc_admin_blazor\ntcc_admin_blazor.csproj]
F:\projects\QUIZ\ntcc_admin_blazor\Components\Pages\ProjectManagement.razor(205,5): error CS0104: 'Color' is an ambiguous reference between 'ApexCharts.Color' and 'MudBlazor.Color' [F:\projects\QUIZ\ntcc_admin_blazor\ntcc_admin_blazor.csproj]
F:\projects\QUIZ\ntcc_admin_blazor\Components\Pages\ProjectManagement.razor(206,5): error CS0104: 'Color' is an ambiguous reference between 'ApexCharts.Color' and 'MudBlazor.Color' [F:\projects\QUIZ\ntcc_admin_blazor\ntcc_admin_blazor.csproj]
F:\projects\QUIZ\ntcc_admin_blazor\Components\Pages\StudentsPage.razor(240,5): error CS0104: 'Color' is an ambiguous reference between 'ApexCharts.Color' and 'MudBlazor.Color' [F:\projects\QUIZ\ntcc_admin_blazor\ntcc_admin_blazor.csproj]
F:\projects\QUIZ\ntcc_admin_blazor\Components\Pages\StudentsPage.razor(248,5): error CS0104: 'Color' is an ambiguous reference between 'ApexCharts.Color' and 'MudBlazor.Color' [F:\projects\QUIZ\ntcc_admin_blazor\ntcc_admin_blazor.csproj]
F:\projects\QUIZ\ntcc_admin_blazor\Components\Pages\Projects\MinorProjectManager.razor(138,13): error CS0104: 'Color' is an ambiguous reference between 'ApexCharts.Color' and 'MudBlazor.Color' [F:\projects\QUIZ\ntcc_admin_blazor\ntcc_admin_blazor.csproj]
F:\projects\QUIZ\ntcc_admin_blazor\Components\Pages\Students\MissingDocuments.razor(116,13): error CS0104: 'Color' is an ambiguous reference between 'ApexCharts.Color' and 'MudBlazor.Color' [F:\projects\QUIZ\ntcc_admin_blazor\ntcc_admin_blazor.csproj]
F:\projects\QUIZ\ntcc_admin_blazor\Components\Pages\Admin\FacultyAccounts.razor(102,13): error CS0104: 'Color' is an ambiguous reference between 'ApexCharts.Color' and 'MudBlazor.Color' [F:\projects\QUIZ\ntcc_admin_blazor\ntcc_admin_blazor.csproj]
F:\projects\QUIZ\ntcc_admin_blazor\Components\Pages\Projects\Minor\DocumentSegregation.razor(104,13): error CS0104: 'Color' is an ambiguous reference between 'ApexCharts.Color' and 'MudBlazor.Color' [F:\projects\QUIZ\ntcc_admin_blazor\ntcc_admin_blazor.csproj]
    0 Warning(s)
    19 Error(s)

Time Elapsed 00:00:02.32

Workload updates are available. Run `dotnet workload list` for more information.
